// Jest Snapshot v1, https://goo.gl/fbAQLP

exports[`should match snapshot 1`] = `
<RNCSafeAreaView
  style={
    Object {
      "flex": 1,
    }
  }
>
  <View
    style={
      Object {
        "alignItems": "center",
        "backgroundColor": "#7D3CFF",
        "flexDirection": "row",
        "height": 60,
        "paddingHorizontal": 16,
      }
    }
  >
    <View
      accessible={true}
      focusable={true}
      onClick={[Function]}
      onResponderGrant={[Function]}
      onResponderMove={[Function]}
      onResponderRelease={[Function]}
      onResponderTerminate={[Function]}
      onResponderTerminationRequest={[Function]}
      onStartShouldSetResponder={[Function]}
      style={
        Object {
          "padding": 8,
        }
      }
    >
      <View
        color="#FFF"
        name="chevron-left"
        size={24}
      />
    </View>
  </View>
  <RCTScrollView
    keyboardShouldPersistTaps="handled"
  >
    <View>
      <View
        style={
          Array [
            Object {
              "flex": 1,
              "marginBottom": 12,
              "marginTop": 12,
              "paddingHorizontal": 12,
            },
            undefined,
          ]
        }
      >
        <View />
      </View>
    </View>
  </RCTScrollView>
</RNCSafeAreaView>
`;
